// Jest Snapshot v1, https://goo.gl/fbAQLP

exports[`should render Home component shold match home page snapshot 1`] = `
[
  <h2>
    Find Your Favorite Movies with Movie Time: A Free search Website
  </h2>,
  <p>
    If you are into details of movies, Movie Time is the website for you. This website offers a huge library of movie content.
  </p>,
  <div
    style={
      {
        "height": "auto",
        "width": "100%",
      }
    }
  />,
]
`;
